Flow report for toolflow
Sat Dec  6 22:11:42 2025
Quartus Prime Version 20.1.1 Build 720 11/11/2020 SJ Standard Edition


---------------------
; Table of Contents ;
---------------------
  1. Legal Notice
  2. Flow Summary
  3. Flow Settings
  4. Flow Non-Default Global Settings
  5. Flow Elapsed Time
  6. Flow OS Summary
  7. Flow Log
  8. Flow Messages
  9. Flow Suppressed Messages



----------------
; Legal Notice ;
----------------
Copyright (C) 2020  Intel Corporation. All rights reserved.
Your use of Intel Corporation's design tools, logic functions 
and other software and tools, and any partner logic 
functions, and any output files from any of the foregoing 
(including device programming or simulation files), and any 
associated documentation or information are expressly subject 
to the terms and conditions of the Intel Program License 
Subscription Agreement, the Intel Quartus Prime License Agreement,
the Intel FPGA IP License Agreement, or other applicable license
agreement, including, without limitation, that your use is for
the sole purpose of programming logic devices manufactured by
Intel and sold by Intel or its authorized distributors.  Please
refer to the applicable agreement for further details, at
https://fpgasoftware.intel.com/eula.



+--------------------------------------------------------------------------------------+
; Flow Summary                                                                         ;
+------------------------------------+-------------------------------------------------+
; Flow Status                        ; Successful - Sat Dec  6 22:11:09 2025           ;
; Quartus Prime Version              ; 20.1.1 Build 720 11/11/2020 SJ Standard Edition ;
; Revision Name                      ; toolflow                                        ;
; Top-level Entity Name              ; RISCV_Processor                                 ;
; Family                             ; Cyclone IV E                                    ;
; Device                             ; EP4CE115F29C7                                   ;
; Timing Models                      ; Final                                           ;
; Total logic elements               ; 81,288 / 114,480 ( 71 % )                       ;
;     Total combinational functions  ; 48,928 / 114,480 ( 43 % )                       ;
;     Dedicated logic registers      ; 66,938 / 114,480 ( 58 % )                       ;
; Total registers                    ; 66938                                           ;
; Total pins                         ; 99 / 529 ( 19 % )                               ;
; Total virtual pins                 ; 0                                               ;
; Total memory bits                  ; 0 / 3,981,312 ( 0 % )                           ;
; Embedded Multiplier 9-bit elements ; 0 / 532 ( 0 % )                                 ;
; Total PLLs                         ; 0 / 4 ( 0 % )                                   ;
+------------------------------------+-------------------------------------------------+


+-----------------------------------------+
; Flow Settings                           ;
+-------------------+---------------------+
; Option            ; Setting             ;
+-------------------+---------------------+
; Start date & time ; 12/06/2025 21:57:21 ;
; Main task         ; Compilation         ;
; Revision Name     ; toolflow            ;
+-------------------+---------------------+


+-----------------------------------------------------------------------------------------------------------------------------+
; Flow Non-Default Global Settings                                                                                            ;
+-------------------------------------+----------------------------------------+---------------+-----------------+------------+
; Assignment Name                     ; Value                                  ; Default Value ; Entity Name     ; Section Id ;
+-------------------------------------+----------------------------------------+---------------+-----------------+------------+
; COMPILER_SIGNATURE_ID               ; 345052157173.176507984127142           ; --            ; --              ; --         ;
; PARTITION_COLOR                     ; -- (Not supported for targeted family) ; --            ; RISCV_Processor ; Top        ;
; PARTITION_FITTER_PRESERVATION_LEVEL ; -- (Not supported for targeted family) ; --            ; RISCV_Processor ; Top        ;
; PARTITION_NETLIST_TYPE              ; -- (Not supported for targeted family) ; --            ; RISCV_Processor ; Top        ;
; PROJECT_OUTPUT_DIRECTORY            ; output_files                           ; --            ; --              ; --         ;
; TOP_LEVEL_ENTITY                    ; RISCV_Processor                        ; toolflow      ; --              ; --         ;
; VHDL_INPUT_VERSION                  ; VHDL_2008                              ; VHDL_1993     ; --              ; --         ;
+-------------------------------------+----------------------------------------+---------------+-----------------+------------+


+--------------------------------------------------------------------------------------------------------------------------+
; Flow Elapsed Time                                                                                                        ;
+----------------------+--------------+-------------------------+---------------------+------------------------------------+
; Module Name          ; Elapsed Time ; Average Processors Used ; Peak Virtual Memory ; Total CPU Time (on all processors) ;
+----------------------+--------------+-------------------------+---------------------+------------------------------------+
; Analysis & Synthesis ; 00:02:24     ; 1.0                     ; 1158 MB             ; 00:02:25                           ;
; Fitter               ; 00:10:55     ; 1.1                     ; 2553 MB             ; 00:27:21                           ;
; Assembler            ; 00:00:07     ; 1.0                     ; 815 MB              ; 00:00:06                           ;
; Timing Analyzer      ; 00:00:32     ; 1.6                     ; 1667 MB             ; 00:00:43                           ;
; Total                ; 00:13:58     ; --                      ; --                  ; 00:30:35                           ;
+----------------------+--------------+-------------------------+---------------------+------------------------------------+


+------------------------------------------------------------------------------------------------+
; Flow OS Summary                                                                                ;
+----------------------+---------------------------------+---------+------------+----------------+
; Module Name          ; Machine Hostname                ; OS Name ; OS Version ; Processor type ;
+----------------------+---------------------------------+---------+------------+----------------+
; Analysis & Synthesis ; linuxvdi-f25-06.ece.iastate.edu ; Red Hat ; Red Hat    ; x86_64         ;
; Fitter               ; linuxvdi-f25-06.ece.iastate.edu ; Red Hat ; Red Hat    ; x86_64         ;
; Assembler            ; linuxvdi-f25-06.ece.iastate.edu ; Red Hat ; Red Hat    ; x86_64         ;
; Timing Analyzer      ; linuxvdi-f25-06.ece.iastate.edu ; Red Hat ; Red Hat    ; x86_64         ;
+----------------------+---------------------------------+---------+------------+----------------+


------------
; Flow Log ;
------------
quartus_map --read_settings_files=on --write_settings_files=off toolflow -c toolflow
quartus_fit --read_settings_files=on --write_settings_files=off toolflow -c toolflow
quartus_asm --read_settings_files=on --write_settings_files=off toolflow -c toolflow
quartus_sta --sdc=toolflow.sdc toolflow --do_report_timing



