Info: *******************************************************************
Info: Running Quartus Prime Analysis & Synthesis
    Info: Version 20.1.1 Build 720 11/11/2020 SJ Standard Edition
    Info: Copyright (C) 2020  Intel Corporation. All rights reserved.
    Info: Your use of Intel Corporation's design tools, logic functions 
    Info: and other software and tools, and any partner logic 
    Info: functions, and any output files from any of the foregoing 
    Info: (including device programming or simulation files), and any 
    Info: associated documentation or information are expressly subject 
    Info: to the terms and conditions of the Intel Program License 
    Info: Subscription Agreement, the Intel Quartus Prime License Agreement,
    Info: the Intel FPGA IP License Agreement, or other applicable license
    Info: agreement, including, without limitation, that your use is for
    Info: the sole purpose of programming logic devices manufactured by
    Info: Intel and sold by Intel or its authorized distributors.  Please
    Info: refer to the applicable agreement for further details, at
    Info: https://fpgasoftware.intel.com/eula.
    Info: Processing started: Thu Nov 20 19:36:19 2025
Info: Command: quartus_map --read_settings_files=on --write_settings_files=off toolflow -c toolflow
Warning (18236): Number of processors has not been specified which may cause overloading on shared machines.  Set the global assignment NUM_PARALLEL_PROCESSORS in your QSF to an appropriate value for best performance.
Info (20030): Parallel compilation is enabled and will use 4 of the 4 processors detected
Info (12021): Found 2 design units, including 0 entities, in source file /home/connorwm/cpre381/Proj2/cpre3810-toolflow/proj/src/RISCV_types.vhd
    Info (12022): Found design unit 1: RISCV_types File: /home/connorwm/cpre381/Proj2/cpre3810-toolflow/proj/src/RISCV_types.vhd Line: 15
    Info (12022): Found design unit 2: RISCV_types-body File: /home/connorwm/cpre381/Proj2/cpre3810-toolflow/proj/src/RISCV_types.vhd Line: 29
Info (12021): Found 2 design units, including 1 entities, in source file /home/connorwm/cpre381/Proj2/cpre3810-toolflow/proj/src/TopLevel/Control.vhd
    Info (12022): Found design unit 1: Control-dataflow File: /home/connorwm/cpre381/Proj2/cpre3810-toolflow/proj/src/TopLevel/Control.vhd Line: 26
    Info (12023): Found entity 1: Control File: /home/connorwm/cpre381/Proj2/cpre3810-toolflow/proj/src/TopLevel/Control.vhd Line: 5
Info (12021): Found 2 design units, including 1 entities, in source file /home/connorwm/cpre381/Proj2/cpre3810-toolflow/proj/src/TopLevel/Decode.vhd
    Info (12022): Found design unit 1: Decode-Dataflow File: /home/connorwm/cpre381/Proj2/cpre3810-toolflow/proj/src/TopLevel/Decode.vhd Line: 22
    Info (12023): Found entity 1: Decode File: /home/connorwm/cpre381/Proj2/cpre3810-toolflow/proj/src/TopLevel/Decode.vhd Line: 5
Info (12021): Found 2 design units, including 1 entities, in source file /home/connorwm/cpre381/Proj2/cpre3810-toolflow/proj/src/TopLevel/EX_MEM.vhd
    Info (12022): Found design unit 1: EX_MEM-structural File: /home/connorwm/cpre381/Proj2/cpre3810-toolflow/proj/src/TopLevel/EX_MEM.vhd Line: 57
    Info (12023): Found entity 1: EX_MEM File: /home/connorwm/cpre381/Proj2/cpre3810-toolflow/proj/src/TopLevel/EX_MEM.vhd Line: 19
Info (12021): Found 2 design units, including 1 entities, in source file /home/connorwm/cpre381/Proj2/cpre3810-toolflow/proj/src/TopLevel/ID_EX.vhd
    Info (12022): Found design unit 1: ID_EX-structural File: /home/connorwm/cpre381/Proj2/cpre3810-toolflow/proj/src/TopLevel/ID_EX.vhd Line: 77
    Info (12023): Found entity 1: ID_EX File: /home/connorwm/cpre381/Proj2/cpre3810-toolflow/proj/src/TopLevel/ID_EX.vhd Line: 19
Info (12021): Found 2 design units, including 1 entities, in source file /home/connorwm/cpre381/Proj2/cpre3810-toolflow/proj/src/TopLevel/IF_ID.vhd
    Info (12022): Found design unit 1: IF_ID-structural File: /home/connorwm/cpre381/Proj2/cpre3810-toolflow/proj/src/TopLevel/IF_ID.vhd Line: 35
    Info (12023): Found entity 1: IF_ID File: /home/connorwm/cpre381/Proj2/cpre3810-toolflow/proj/src/TopLevel/IF_ID.vhd Line: 19
Info (12021): Found 2 design units, including 1 entities, in source file /home/connorwm/cpre381/Proj2/cpre3810-toolflow/proj/src/TopLevel/MEM_WB.vhd
    Info (12022): Found design unit 1: MEM_WB-structural File: /home/connorwm/cpre381/Proj2/cpre3810-toolflow/proj/src/TopLevel/MEM_WB.vhd Line: 53
    Info (12023): Found entity 1: MEM_WB File: /home/connorwm/cpre381/Proj2/cpre3810-toolflow/proj/src/TopLevel/MEM_WB.vhd Line: 19
Info (12021): Found 2 design units, including 1 entities, in source file /home/connorwm/cpre381/Proj2/cpre3810-toolflow/proj/src/TopLevel/RISCV_Processor.vhd
    Info (12022): Found design unit 1: RISCV_Processor-structure File: /home/connorwm/cpre381/Proj2/cpre3810-toolflow/proj/src/TopLevel/RISCV_Processor.vhd Line: 37
    Info (12023): Found entity 1: RISCV_Processor File: /home/connorwm/cpre381/Proj2/cpre3810-toolflow/proj/src/TopLevel/RISCV_Processor.vhd Line: 25
Info (12021): Found 2 design units, including 1 entities, in source file /home/connorwm/cpre381/Proj2/cpre3810-toolflow/proj/src/TopLevel/adder.vhd
    Info (12022): Found design unit 1: adder-structure File: /home/connorwm/cpre381/Proj2/cpre3810-toolflow/proj/src/TopLevel/adder.vhd Line: 30
    Info (12023): Found entity 1: adder File: /home/connorwm/cpre381/Proj2/cpre3810-toolflow/proj/src/TopLevel/adder.vhd Line: 20
Info (12021): Found 2 design units, including 1 entities, in source file /home/connorwm/cpre381/Proj2/cpre3810-toolflow/proj/src/TopLevel/adder_N.vhd
    Info (12022): Found design unit 1: adder_N-structural File: /home/connorwm/cpre381/Proj2/cpre3810-toolflow/proj/src/TopLevel/adder_N.vhd Line: 32
    Info (12023): Found entity 1: adder_N File: /home/connorwm/cpre381/Proj2/cpre3810-toolflow/proj/src/TopLevel/adder_N.vhd Line: 21
Info (12021): Found 2 design units, including 1 entities, in source file /home/connorwm/cpre381/Proj2/cpre3810-toolflow/proj/src/TopLevel/addiSubi_N.vhd
    Info (12022): Found design unit 1: addiSubi_N-structural File: /home/connorwm/cpre381/Proj2/cpre3810-toolflow/proj/src/TopLevel/addiSubi_N.vhd Line: 32
    Info (12023): Found entity 1: addiSubi_N File: /home/connorwm/cpre381/Proj2/cpre3810-toolflow/proj/src/TopLevel/addiSubi_N.vhd Line: 21
Info (12021): Found 2 design units, including 1 entities, in source file /home/connorwm/cpre381/Proj2/cpre3810-toolflow/proj/src/TopLevel/alu.vhd
    Info (12022): Found design unit 1: alu-structural File: /home/connorwm/cpre381/Proj2/cpre3810-toolflow/proj/src/TopLevel/alu.vhd Line: 56
    Info (12023): Found entity 1: alu File: /home/connorwm/cpre381/Proj2/cpre3810-toolflow/proj/src/TopLevel/alu.vhd Line: 24
Info (12021): Found 2 design units, including 1 entities, in source file /home/connorwm/cpre381/Proj2/cpre3810-toolflow/proj/src/TopLevel/andg2.vhd
    Info (12022): Found design unit 1: andg2-dataflow File: /home/connorwm/cpre381/Proj2/cpre3810-toolflow/proj/src/TopLevel/andg2.vhd Line: 31
    Info (12023): Found entity 1: andg2 File: /home/connorwm/cpre381/Proj2/cpre3810-toolflow/proj/src/TopLevel/andg2.vhd Line: 23
Info (12021): Found 2 design units, including 1 entities, in source file /home/connorwm/cpre381/Proj2/cpre3810-toolflow/proj/src/TopLevel/andg2_N.vhd
    Info (12022): Found design unit 1: andg2_N-structure File: /home/connorwm/cpre381/Proj2/cpre3810-toolflow/proj/src/TopLevel/andg2_N.vhd Line: 30
    Info (12023): Found entity 1: andg2_N File: /home/connorwm/cpre381/Proj2/cpre3810-toolflow/proj/src/TopLevel/andg2_N.vhd Line: 21
Info (12021): Found 2 design units, including 1 entities, in source file /home/connorwm/cpre381/Proj2/cpre3810-toolflow/proj/src/TopLevel/barrelShifter.vhd
    Info (12022): Found design unit 1: barrelShifter-structure File: /home/connorwm/cpre381/Proj2/cpre3810-toolflow/proj/src/TopLevel/barrelShifter.vhd Line: 36
    Info (12023): Found entity 1: barrelShifter File: /home/connorwm/cpre381/Proj2/cpre3810-toolflow/proj/src/TopLevel/barrelShifter.vhd Line: 26
Info (12021): Found 2 design units, including 1 entities, in source file /home/connorwm/cpre381/Proj2/cpre3810-toolflow/proj/src/TopLevel/decoder5t32.vhd
    Info (12022): Found design unit 1: decoder5t32-dataflow File: /home/connorwm/cpre381/Proj2/cpre3810-toolflow/proj/src/TopLevel/decoder5t32.vhd Line: 28
    Info (12023): Found entity 1: decoder5t32 File: /home/connorwm/cpre381/Proj2/cpre3810-toolflow/proj/src/TopLevel/decoder5t32.vhd Line: 20
Info (12021): Found 2 design units, including 1 entities, in source file /home/connorwm/cpre381/Proj2/cpre3810-toolflow/proj/src/TopLevel/dffg.vhd
    Info (12022): Found design unit 1: dffg-mixed File: /home/connorwm/cpre381/Proj2/cpre3810-toolflow/proj/src/TopLevel/dffg.vhd Line: 34
    Info (12023): Found entity 1: dffg File: /home/connorwm/cpre381/Proj2/cpre3810-toolflow/proj/src/TopLevel/dffg.vhd Line: 23
Info (12021): Found 2 design units, including 1 entities, in source file /home/connorwm/cpre381/Proj2/cpre3810-toolflow/proj/src/TopLevel/extender.vhd
    Info (12022): Found design unit 1: extender-dataflow File: /home/connorwm/cpre381/Proj2/cpre3810-toolflow/proj/src/TopLevel/extender.vhd Line: 34
    Info (12023): Found entity 1: extender File: /home/connorwm/cpre381/Proj2/cpre3810-toolflow/proj/src/TopLevel/extender.vhd Line: 20
Info (12021): Found 2 design units, including 1 entities, in source file /home/connorwm/cpre381/Proj2/cpre3810-toolflow/proj/src/TopLevel/invg.vhd
    Info (12022): Found design unit 1: invg-dataflow File: /home/connorwm/cpre381/Proj2/cpre3810-toolflow/proj/src/TopLevel/invg.vhd Line: 30
    Info (12023): Found entity 1: invg File: /home/connorwm/cpre381/Proj2/cpre3810-toolflow/proj/src/TopLevel/invg.vhd Line: 23
Info (12021): Found 2 design units, including 1 entities, in source file /home/connorwm/cpre381/Proj2/cpre3810-toolflow/proj/src/TopLevel/invg_N.vhd
    Info (12022): Found design unit 1: invg_N-structure File: /home/connorwm/cpre381/Proj2/cpre3810-toolflow/proj/src/TopLevel/invg_N.vhd Line: 29
    Info (12023): Found entity 1: invg_N File: /home/connorwm/cpre381/Proj2/cpre3810-toolflow/proj/src/TopLevel/invg_N.vhd Line: 21
Info (12021): Found 2 design units, including 1 entities, in source file /home/connorwm/cpre381/Proj2/cpre3810-toolflow/proj/src/TopLevel/mem.vhd
    Info (12022): Found design unit 1: mem-rtl File: /home/connorwm/cpre381/Proj2/cpre3810-toolflow/proj/src/TopLevel/mem.vhd Line: 27
    Info (12023): Found entity 1: mem File: /home/connorwm/cpre381/Proj2/cpre3810-toolflow/proj/src/TopLevel/mem.vhd Line: 8
Info (12021): Found 2 design units, including 1 entities, in source file /home/connorwm/cpre381/Proj2/cpre3810-toolflow/proj/src/TopLevel/mux2t1.vhd
    Info (12022): Found design unit 1: mux2t1-structure File: /home/connorwm/cpre381/Proj2/cpre3810-toolflow/proj/src/TopLevel/mux2t1.vhd Line: 29
    Info (12023): Found entity 1: mux2t1 File: /home/connorwm/cpre381/Proj2/cpre3810-toolflow/proj/src/TopLevel/mux2t1.vhd Line: 20
Info (12021): Found 2 design units, including 1 entities, in source file /home/connorwm/cpre381/Proj2/cpre3810-toolflow/proj/src/TopLevel/mux2t1_N.vhd
    Info (12022): Found design unit 1: mux2t1_N-structural File: /home/connorwm/cpre381/Proj2/cpre3810-toolflow/proj/src/TopLevel/mux2t1_N.vhd Line: 30
    Info (12023): Found entity 1: mux2t1_N File: /home/connorwm/cpre381/Proj2/cpre3810-toolflow/proj/src/TopLevel/mux2t1_N.vhd Line: 21
Info (12021): Found 2 design units, including 1 entities, in source file /home/connorwm/cpre381/Proj2/cpre3810-toolflow/proj/src/TopLevel/mux32t1_N.vhd
    Info (12022): Found design unit 1: mux32t1_N-dataflow File: /home/connorwm/cpre381/Proj2/cpre3810-toolflow/proj/src/TopLevel/mux32t1_N.vhd Line: 61
    Info (12023): Found entity 1: mux32t1_N File: /home/connorwm/cpre381/Proj2/cpre3810-toolflow/proj/src/TopLevel/mux32t1_N.vhd Line: 20
Info (12021): Found 2 design units, including 1 entities, in source file /home/connorwm/cpre381/Proj2/cpre3810-toolflow/proj/src/TopLevel/mux4t1.vhd
    Info (12022): Found design unit 1: mux4t1-dataflow File: /home/connorwm/cpre381/Proj2/cpre3810-toolflow/proj/src/TopLevel/mux4t1.vhd Line: 31
    Info (12023): Found entity 1: mux4t1 File: /home/connorwm/cpre381/Proj2/cpre3810-toolflow/proj/src/TopLevel/mux4t1.vhd Line: 20
Info (12021): Found 2 design units, including 1 entities, in source file /home/connorwm/cpre381/Proj2/cpre3810-toolflow/proj/src/TopLevel/mux4t1_N.vhd
    Info (12022): Found design unit 1: mux4t1_N-structural File: /home/connorwm/cpre381/Proj2/cpre3810-toolflow/proj/src/TopLevel/mux4t1_N.vhd Line: 32
    Info (12023): Found entity 1: mux4t1_N File: /home/connorwm/cpre381/Proj2/cpre3810-toolflow/proj/src/TopLevel/mux4t1_N.vhd Line: 21
Info (12021): Found 2 design units, including 1 entities, in source file /home/connorwm/cpre381/Proj2/cpre3810-toolflow/proj/src/TopLevel/onesComp_N.vhd
    Info (12022): Found design unit 1: onesComp_N-structural File: /home/connorwm/cpre381/Proj2/cpre3810-toolflow/proj/src/TopLevel/onesComp_N.vhd Line: 28
    Info (12023): Found entity 1: onesComp_N File: /home/connorwm/cpre381/Proj2/cpre3810-toolflow/proj/src/TopLevel/onesComp_N.vhd Line: 21
Info (12021): Found 2 design units, including 1 entities, in source file /home/connorwm/cpre381/Proj2/cpre3810-toolflow/proj/src/TopLevel/org2.vhd
    Info (12022): Found design unit 1: org2-dataflow File: /home/connorwm/cpre381/Proj2/cpre3810-toolflow/proj/src/TopLevel/org2.vhd Line: 31
    Info (12023): Found entity 1: org2 File: /home/connorwm/cpre381/Proj2/cpre3810-toolflow/proj/src/TopLevel/org2.vhd Line: 23
Info (12021): Found 2 design units, including 1 entities, in source file /home/connorwm/cpre381/Proj2/cpre3810-toolflow/proj/src/TopLevel/org2_N.vhd
    Info (12022): Found design unit 1: org2_N-structure File: /home/connorwm/cpre381/Proj2/cpre3810-toolflow/proj/src/TopLevel/org2_N.vhd Line: 30
    Info (12023): Found entity 1: org2_N File: /home/connorwm/cpre381/Proj2/cpre3810-toolflow/proj/src/TopLevel/org2_N.vhd Line: 21
Info (12021): Found 2 design units, including 1 entities, in source file /home/connorwm/cpre381/Proj2/cpre3810-toolflow/proj/src/TopLevel/pcLogic.vhd
    Info (12022): Found design unit 1: pcLogic-structural File: /home/connorwm/cpre381/Proj2/cpre3810-toolflow/proj/src/TopLevel/pcLogic.vhd Line: 39
    Info (12023): Found entity 1: pcLogic File: /home/connorwm/cpre381/Proj2/cpre3810-toolflow/proj/src/TopLevel/pcLogic.vhd Line: 21
Info (12021): Found 2 design units, including 1 entities, in source file /home/connorwm/cpre381/Proj2/cpre3810-toolflow/proj/src/TopLevel/regFile.vhd
    Info (12022): Found design unit 1: regFile-structural File: /home/connorwm/cpre381/Proj2/cpre3810-toolflow/proj/src/TopLevel/regFile.vhd Line: 34
    Info (12023): Found entity 1: regFile File: /home/connorwm/cpre381/Proj2/cpre3810-toolflow/proj/src/TopLevel/regFile.vhd Line: 21
Info (12021): Found 2 design units, including 1 entities, in source file /home/connorwm/cpre381/Proj2/cpre3810-toolflow/proj/src/TopLevel/reg_N.vhd
    Info (12022): Found design unit 1: reg_N-structural File: /home/connorwm/cpre381/Proj2/cpre3810-toolflow/proj/src/TopLevel/reg_N.vhd Line: 31
    Info (12023): Found entity 1: reg_N File: /home/connorwm/cpre381/Proj2/cpre3810-toolflow/proj/src/TopLevel/reg_N.vhd Line: 21
Info (12021): Found 2 design units, including 1 entities, in source file /home/connorwm/cpre381/Proj2/cpre3810-toolflow/proj/src/TopLevel/shiftBinary.vhd
    Info (12022): Found design unit 1: shiftBinary-structure File: /home/connorwm/cpre381/Proj2/cpre3810-toolflow/proj/src/TopLevel/shiftBinary.vhd Line: 38
    Info (12023): Found entity 1: shiftBinary File: /home/connorwm/cpre381/Proj2/cpre3810-toolflow/proj/src/TopLevel/shiftBinary.vhd Line: 25
Info (12021): Found 2 design units, including 1 entities, in source file /home/connorwm/cpre381/Proj2/cpre3810-toolflow/proj/src/TopLevel/slt_N.vhd
    Info (12022): Found design unit 1: slt_N-dataflow File: /home/connorwm/cpre381/Proj2/cpre3810-toolflow/proj/src/TopLevel/slt_N.vhd Line: 32
    Info (12023): Found entity 1: slt_N File: /home/connorwm/cpre381/Proj2/cpre3810-toolflow/proj/src/TopLevel/slt_N.vhd Line: 22
Info (12021): Found 2 design units, including 1 entities, in source file /home/connorwm/cpre381/Proj2/cpre3810-toolflow/proj/src/TopLevel/xorg2.vhd
    Info (12022): Found design unit 1: xorg2-dataflow File: /home/connorwm/cpre381/Proj2/cpre3810-toolflow/proj/src/TopLevel/xorg2.vhd Line: 31
    Info (12023): Found entity 1: xorg2 File: /home/connorwm/cpre381/Proj2/cpre3810-toolflow/proj/src/TopLevel/xorg2.vhd Line: 23
Info (12021): Found 2 design units, including 1 entities, in source file /home/connorwm/cpre381/Proj2/cpre3810-toolflow/proj/src/TopLevel/xorg2_N.vhd
    Info (12022): Found design unit 1: xorg2_N-structure File: /home/connorwm/cpre381/Proj2/cpre3810-toolflow/proj/src/TopLevel/xorg2_N.vhd Line: 30
    Info (12023): Found entity 1: xorg2_N File: /home/connorwm/cpre381/Proj2/cpre3810-toolflow/proj/src/TopLevel/xorg2_N.vhd Line: 21
Info (12127): Elaborating entity "RISCV_Processor" for the top level hierarchy
Warning (10036): Verilog HDL or VHDL warning at RISCV_Processor.vhd(62): object "s_Ovfl" assigned a value but never read File: /home/connorwm/cpre381/Proj2/cpre3810-toolflow/proj/src/TopLevel/RISCV_Processor.vhd Line: 62
Warning (10036): Verilog HDL or VHDL warning at RISCV_Processor.vhd(348): object "s_ImmType" assigned a value but never read File: /home/connorwm/cpre381/Proj2/cpre3810-toolflow/proj/src/TopLevel/RISCV_Processor.vhd Line: 348
Warning (10036): Verilog HDL or VHDL warning at RISCV_Processor.vhd(381): object "s_IDEX_rs1" assigned a value but never read File: /home/connorwm/cpre381/Proj2/cpre3810-toolflow/proj/src/TopLevel/RISCV_Processor.vhd Line: 381
Warning (10036): Verilog HDL or VHDL warning at RISCV_Processor.vhd(382): object "s_IDEX_rs2" assigned a value but never read File: /home/connorwm/cpre381/Proj2/cpre3810-toolflow/proj/src/TopLevel/RISCV_Processor.vhd Line: 382
Warning (10036): Verilog HDL or VHDL warning at RISCV_Processor.vhd(397): object "s_IDEX_upperIMM" assigned a value but never read File: /home/connorwm/cpre381/Proj2/cpre3810-toolflow/proj/src/TopLevel/RISCV_Processor.vhd Line: 397
Warning (10036): Verilog HDL or VHDL warning at RISCV_Processor.vhd(412): object "s_EXMEM_Branch" assigned a value but never read File: /home/connorwm/cpre381/Proj2/cpre3810-toolflow/proj/src/TopLevel/RISCV_Processor.vhd Line: 412
Warning (10036): Verilog HDL or VHDL warning at RISCV_Processor.vhd(422): object "s_MEMWB_func3" assigned a value but never read File: /home/connorwm/cpre381/Proj2/cpre3810-toolflow/proj/src/TopLevel/RISCV_Processor.vhd Line: 422
Warning (10036): Verilog HDL or VHDL warning at RISCV_Processor.vhd(423): object "s_MEMWB_func7" assigned a value but never read File: /home/connorwm/cpre381/Proj2/cpre3810-toolflow/proj/src/TopLevel/RISCV_Processor.vhd Line: 423
Warning (10036): Verilog HDL or VHDL warning at RISCV_Processor.vhd(424): object "s_MEMWB_opcode" assigned a value but never read File: /home/connorwm/cpre381/Proj2/cpre3810-toolflow/proj/src/TopLevel/RISCV_Processor.vhd Line: 424
Info (12128): Elaborating entity "mem" for hierarchy "mem:IMem" File: /home/connorwm/cpre381/Proj2/cpre3810-toolflow/proj/src/TopLevel/RISCV_Processor.vhd Line: 438
Info (12128): Elaborating entity "pcLogic" for hierarchy "pcLogic:PC_LOGIC" File: /home/connorwm/cpre381/Proj2/cpre3810-toolflow/proj/src/TopLevel/RISCV_Processor.vhd Line: 474
Warning (10540): VHDL Signal Declaration warning at pcLogic.vhd(75): used explicit default value for signal "s_PC_BA" because signal was never assigned a value File: /home/connorwm/cpre381/Proj2/cpre3810-toolflow/proj/src/TopLevel/pcLogic.vhd Line: 75
Warning (10036): Verilog HDL or VHDL warning at pcLogic.vhd(77): object "s_unused_carry" assigned a value but never read File: /home/connorwm/cpre381/Proj2/cpre3810-toolflow/proj/src/TopLevel/pcLogic.vhd Line: 77
Info (12128): Elaborating entity "reg_N" for hierarchy "pcLogic:PC_LOGIC|reg_N:PC_Register" File: /home/connorwm/cpre381/Proj2/cpre3810-toolflow/proj/src/TopLevel/pcLogic.vhd Line: 81
Info (12128): Elaborating entity "dffg" for hierarchy "pcLogic:PC_LOGIC|reg_N:PC_Register|dffg:\G_NBit_Reg:0:RegI" File: /home/connorwm/cpre381/Proj2/cpre3810-toolflow/proj/src/TopLevel/reg_N.vhd Line: 45
Info (12128): Elaborating entity "adder_N" for hierarchy "pcLogic:PC_LOGIC|adder_N:PC_Plus_4" File: /home/connorwm/cpre381/Proj2/cpre3810-toolflow/proj/src/TopLevel/pcLogic.vhd Line: 92
Info (12128): Elaborating entity "adder" for hierarchy "pcLogic:PC_LOGIC|adder_N:PC_Plus_4|adder:\G_NBit_ADDER:0:ADDER_I" File: /home/connorwm/cpre381/Proj2/cpre3810-toolflow/proj/src/TopLevel/adder_N.vhd Line: 48
Info (12128): Elaborating entity "andg2" for hierarchy "pcLogic:PC_LOGIC|adder_N:PC_Plus_4|adder:\G_NBit_ADDER:0:ADDER_I|andg2:and_gate1" File: /home/connorwm/cpre381/Proj2/cpre3810-toolflow/proj/src/TopLevel/adder.vhd Line: 68
Info (12128): Elaborating entity "org2" for hierarchy "pcLogic:PC_LOGIC|adder_N:PC_Plus_4|adder:\G_NBit_ADDER:0:ADDER_I|org2:or_gate1" File: /home/connorwm/cpre381/Proj2/cpre3810-toolflow/proj/src/TopLevel/adder.vhd Line: 83
Info (12128): Elaborating entity "xorg2" for hierarchy "pcLogic:PC_LOGIC|adder_N:PC_Plus_4|adder:\G_NBit_ADDER:0:ADDER_I|xorg2:xor_gate1" File: /home/connorwm/cpre381/Proj2/cpre3810-toolflow/proj/src/TopLevel/adder.vhd Line: 97
Info (12128): Elaborating entity "mux4t1_N" for hierarchy "pcLogic:PC_LOGIC|mux4t1_N:PC_Select_Mux" File: /home/connorwm/cpre381/Proj2/cpre3810-toolflow/proj/src/TopLevel/pcLogic.vhd Line: 135
Info (12128): Elaborating entity "mux4t1" for hierarchy "pcLogic:PC_LOGIC|mux4t1_N:PC_Select_Mux|mux4t1:\G_NBit_MUX:0:MUXI" File: /home/connorwm/cpre381/Proj2/cpre3810-toolflow/proj/src/TopLevel/mux4t1_N.vhd Line: 47
Info (12128): Elaborating entity "IF_ID" for hierarchy "IF_ID:IF_ID_REG" File: /home/connorwm/cpre381/Proj2/cpre3810-toolflow/proj/src/TopLevel/RISCV_Processor.vhd Line: 487
Info (12128): Elaborating entity "Decode" for hierarchy "Decode:DECODER" File: /home/connorwm/cpre381/Proj2/cpre3810-toolflow/proj/src/TopLevel/RISCV_Processor.vhd Line: 499
Info (12128): Elaborating entity "Control" for hierarchy "Control:CTRL" File: /home/connorwm/cpre381/Proj2/cpre3810-toolflow/proj/src/TopLevel/RISCV_Processor.vhd Line: 516
Info (12128): Elaborating entity "regFile" for hierarchy "regFile:RF" File: /home/connorwm/cpre381/Proj2/cpre3810-toolflow/proj/src/TopLevel/RISCV_Processor.vhd Line: 536
Warning (10036): Verilog HDL or VHDL warning at regFile.vhd(122): object "s_we0" assigned a value but never read File: /home/connorwm/cpre381/Proj2/cpre3810-toolflow/proj/src/TopLevel/regFile.vhd Line: 122
Info (12128): Elaborating entity "decoder5t32" for hierarchy "regFile:RF|decoder5t32:decoder_inst" File: /home/connorwm/cpre381/Proj2/cpre3810-toolflow/proj/src/TopLevel/regFile.vhd Line: 158
Info (12128): Elaborating entity "mux32t1_N" for hierarchy "regFile:RF|mux32t1_N:mux_rs1" File: /home/connorwm/cpre381/Proj2/cpre3810-toolflow/proj/src/TopLevel/regFile.vhd Line: 508
Info (12128): Elaborating entity "extender" for hierarchy "extender:IMM_EXT" File: /home/connorwm/cpre381/Proj2/cpre3810-toolflow/proj/src/TopLevel/RISCV_Processor.vhd Line: 549
Info (12128): Elaborating entity "ID_EX" for hierarchy "ID_EX:ID_EX_REG" File: /home/connorwm/cpre381/Proj2/cpre3810-toolflow/proj/src/TopLevel/RISCV_Processor.vhd Line: 561
Info (12128): Elaborating entity "reg_N" for hierarchy "ID_EX:ID_EX_REG|reg_N:RS1_REG" File: /home/connorwm/cpre381/Proj2/cpre3810-toolflow/proj/src/TopLevel/ID_EX.vhd Line: 126
Info (12128): Elaborating entity "reg_N" for hierarchy "ID_EX:ID_EX_REG|reg_N:ALUOP_REG" File: /home/connorwm/cpre381/Proj2/cpre3810-toolflow/proj/src/TopLevel/ID_EX.vhd Line: 180
Info (12128): Elaborating entity "reg_N" for hierarchy "ID_EX:ID_EX_REG|reg_N:FUNC3_REG" File: /home/connorwm/cpre381/Proj2/cpre3810-toolflow/proj/src/TopLevel/ID_EX.vhd Line: 190
Info (12128): Elaborating entity "reg_N" for hierarchy "ID_EX:ID_EX_REG|reg_N:FUNC7_REG" File: /home/connorwm/cpre381/Proj2/cpre3810-toolflow/proj/src/TopLevel/ID_EX.vhd Line: 200
Info (12128): Elaborating entity "alu" for hierarchy "alu:ALU_UNIT" File: /home/connorwm/cpre381/Proj2/cpre3810-toolflow/proj/src/TopLevel/RISCV_Processor.vhd Line: 623
Warning (10036): Verilog HDL or VHDL warning at alu.vhd(118): object "s_Cout" assigned a value but never read File: /home/connorwm/cpre381/Proj2/cpre3810-toolflow/proj/src/TopLevel/alu.vhd Line: 118
Warning (10540): VHDL Signal Declaration warning at alu.vhd(122): used explicit default value for signal "zero_vector" because signal was never assigned a value File: /home/connorwm/cpre381/Proj2/cpre3810-toolflow/proj/src/TopLevel/alu.vhd Line: 122
Info (12128): Elaborating entity "addiSubi_N" for hierarchy "alu:ALU_UNIT|addiSubi_N:ADD_SUB_UNIT" File: /home/connorwm/cpre381/Proj2/cpre3810-toolflow/proj/src/TopLevel/alu.vhd Line: 131
Info (12128): Elaborating entity "mux2t1_N" for hierarchy "alu:ALU_UNIT|addiSubi_N:ADD_SUB_UNIT|mux2t1_N:MUX2to1_ALUSrc" File: /home/connorwm/cpre381/Proj2/cpre3810-toolflow/proj/src/TopLevel/addiSubi_N.vhd Line: 62
Info (12128): Elaborating entity "mux2t1" for hierarchy "alu:ALU_UNIT|addiSubi_N:ADD_SUB_UNIT|mux2t1_N:MUX2to1_ALUSrc|mux2t1:\G_NBit_MUX:0:MUXI" File: /home/connorwm/cpre381/Proj2/cpre3810-toolflow/proj/src/TopLevel/mux2t1_N.vhd Line: 43
Info (12128): Elaborating entity "invg" for hierarchy "alu:ALU_UNIT|addiSubi_N:ADD_SUB_UNIT|mux2t1_N:MUX2to1_ALUSrc|mux2t1:\G_NBit_MUX:0:MUXI|invg:not_gate" File: /home/connorwm/cpre381/Proj2/cpre3810-toolflow/proj/src/TopLevel/mux2t1.vhd Line: 62
Info (12128): Elaborating entity "onesComp_N" for hierarchy "alu:ALU_UNIT|addiSubi_N:ADD_SUB_UNIT|onesComp_N:ones_comp" File: /home/connorwm/cpre381/Proj2/cpre3810-toolflow/proj/src/TopLevel/addiSubi_N.vhd Line: 71
Info (12128): Elaborating entity "andg2_N" for hierarchy "alu:ALU_UNIT|andg2_N:AND_UNIT" File: /home/connorwm/cpre381/Proj2/cpre3810-toolflow/proj/src/TopLevel/alu.vhd Line: 146
Info (12128): Elaborating entity "org2_N" for hierarchy "alu:ALU_UNIT|org2_N:OR_UNIT" File: /home/connorwm/cpre381/Proj2/cpre3810-toolflow/proj/src/TopLevel/alu.vhd Line: 154
Info (12128): Elaborating entity "xorg2_N" for hierarchy "alu:ALU_UNIT|xorg2_N:XOR_UNIT" File: /home/connorwm/cpre381/Proj2/cpre3810-toolflow/proj/src/TopLevel/alu.vhd Line: 162
Info (12128): Elaborating entity "invg_N" for hierarchy "alu:ALU_UNIT|invg_N:NOR_UNIT" File: /home/connorwm/cpre381/Proj2/cpre3810-toolflow/proj/src/TopLevel/alu.vhd Line: 170
Info (12128): Elaborating entity "slt_N" for hierarchy "alu:ALU_UNIT|slt_N:SLT_UNIT" File: /home/connorwm/cpre381/Proj2/cpre3810-toolflow/proj/src/TopLevel/alu.vhd Line: 180
Info (12128): Elaborating entity "barrelShifter" for hierarchy "alu:ALU_UNIT|barrelShifter:SHIFT_UNIT" File: /home/connorwm/cpre381/Proj2/cpre3810-toolflow/proj/src/TopLevel/alu.vhd Line: 200
Info (12128): Elaborating entity "shiftBinary" for hierarchy "alu:ALU_UNIT|barrelShifter:SHIFT_UNIT|shiftBinary:shift1" File: /home/connorwm/cpre381/Proj2/cpre3810-toolflow/proj/src/TopLevel/barrelShifter.vhd Line: 62
Info (12128): Elaborating entity "shiftBinary" for hierarchy "alu:ALU_UNIT|barrelShifter:SHIFT_UNIT|shiftBinary:shift2" File: /home/connorwm/cpre381/Proj2/cpre3810-toolflow/proj/src/TopLevel/barrelShifter.vhd Line: 73
Info (12128): Elaborating entity "shiftBinary" for hierarchy "alu:ALU_UNIT|barrelShifter:SHIFT_UNIT|shiftBinary:shift4" File: /home/connorwm/cpre381/Proj2/cpre3810-toolflow/proj/src/TopLevel/barrelShifter.vhd Line: 84
Info (12128): Elaborating entity "shiftBinary" for hierarchy "alu:ALU_UNIT|barrelShifter:SHIFT_UNIT|shiftBinary:shift8" File: /home/connorwm/cpre381/Proj2/cpre3810-toolflow/proj/src/TopLevel/barrelShifter.vhd Line: 95
Info (12128): Elaborating entity "shiftBinary" for hierarchy "alu:ALU_UNIT|barrelShifter:SHIFT_UNIT|shiftBinary:shift16" File: /home/connorwm/cpre381/Proj2/cpre3810-toolflow/proj/src/TopLevel/barrelShifter.vhd Line: 106
Info (12128): Elaborating entity "EX_MEM" for hierarchy "EX_MEM:EX_MEM_REG" File: /home/connorwm/cpre381/Proj2/cpre3810-toolflow/proj/src/TopLevel/RISCV_Processor.vhd Line: 715
Info (12128): Elaborating entity "MEM_WB" for hierarchy "MEM_WB:MEM_WB_REG" File: /home/connorwm/cpre381/Proj2/cpre3810-toolflow/proj/src/TopLevel/RISCV_Processor.vhd Line: 767
Info (276014): Found 1 instances of uninferred RAM logic
    Info (276007): RAM logic "mem:DMem|ram" is uninferred due to asynchronous read logic File: /home/connorwm/cpre381/Proj2/cpre3810-toolflow/proj/src/TopLevel/mem.vhd Line: 35
Info (19000): Inferred 1 megafunctions from design logic
    Info (276029): Inferred altsyncram megafunction from the following design logic: "mem:IMem|ram_rtl_0" 
        Info (286033): Parameter OPERATION_MODE set to SINGLE_PORT
        Info (286033): Parameter WIDTH_A set to 32
        Info (286033): Parameter WIDTHAD_A set to 10
        Info (286033): Parameter NUMWORDS_A set to 1024
        Info (286033): Parameter OUTDATA_REG_A set to UNREGISTERED
        Info (286033): Parameter ADDRESS_ACLR_A set to NONE
        Info (286033): Parameter OUTDATA_ACLR_A set to NONE
        Info (286033): Parameter READ_DURING_WRITE_MODE_PORT_A set to OLD_DATA
        Info (286033): Parameter INDATA_ACLR_A set to NONE
        Info (286033): Parameter WRCONTROL_ACLR_A set to NONE
Info (12130): Elaborated megafunction instantiation "mem:IMem|altsyncram:ram_rtl_0"
Info (12133): Instantiated megafunction "mem:IMem|altsyncram:ram_rtl_0" with the following parameter:
    Info (12134): Parameter "OPERATION_MODE" = "SINGLE_PORT"
    Info (12134): Parameter "WIDTH_A" = "32"
    Info (12134): Parameter "WIDTHAD_A" = "10"
    Info (12134): Parameter "NUMWORDS_A" = "1024"
    Info (12134): Parameter "OUTDATA_REG_A" = "UNREGISTERED"
    Info (12134): Parameter "ADDRESS_ACLR_A" = "NONE"
    Info (12134): Parameter "OUTDATA_ACLR_A" = "NONE"
    Info (12134): Parameter "READ_DURING_WRITE_MODE_PORT_A" = "OLD_DATA"
    Info (12134): Parameter "INDATA_ACLR_A" = "NONE"
    Info (12134): Parameter "WRCONTROL_ACLR_A" = "NONE"
Info (12021): Found 1 design units, including 1 entities, in source file db/altsyncram_eg81.tdf
    Info (12023): Found entity 1: altsyncram_eg81 File: /home/connorwm/cpre381/Proj2/cpre3810-toolflow/internal/QuartusWork/db/altsyncram_eg81.tdf Line: 28
Info (286030): Timing-Driven Synthesis is running
Info (16010): Generating hard_block partition "hard_block:auto_generated_inst"
    Info (16011): Adding 0 node(s), including 0 DDIO, 0 PLL, 0 transceiver and 0 LCELL
Warning (21074): Design contains 22 input pin(s) that do not drive logic
    Warning (15610): No output dependent on input pin "iInstAddr[0]" File: /home/connorwm/cpre381/Proj2/cpre3810-toolflow/proj/src/TopLevel/RISCV_Processor.vhd Line: 30
    Warning (15610): No output dependent on input pin "iInstAddr[1]" File: /home/connorwm/cpre381/Proj2/cpre3810-toolflow/proj/src/TopLevel/RISCV_Processor.vhd Line: 30
    Warning (15610): No output dependent on input pin "iInstAddr[12]" File: /home/connorwm/cpre381/Proj2/cpre3810-toolflow/proj/src/TopLevel/RISCV_Processor.vhd Line: 30
    Warning (15610): No output dependent on input pin "iInstAddr[13]" File: /home/connorwm/cpre381/Proj2/cpre3810-toolflow/proj/src/TopLevel/RISCV_Processor.vhd Line: 30
    Warning (15610): No output dependent on input pin "iInstAddr[14]" File: /home/connorwm/cpre381/Proj2/cpre3810-toolflow/proj/src/TopLevel/RISCV_Processor.vhd Line: 30
    Warning (15610): No output dependent on input pin "iInstAddr[15]" File: /home/connorwm/cpre381/Proj2/cpre3810-toolflow/proj/src/TopLevel/RISCV_Processor.vhd Line: 30
    Warning (15610): No output dependent on input pin "iInstAddr[16]" File: /home/connorwm/cpre381/Proj2/cpre3810-toolflow/proj/src/TopLevel/RISCV_Processor.vhd Line: 30
    Warning (15610): No output dependent on input pin "iInstAddr[17]" File: /home/connorwm/cpre381/Proj2/cpre3810-toolflow/proj/src/TopLevel/RISCV_Processor.vhd Line: 30
    Warning (15610): No output dependent on input pin "iInstAddr[18]" File: /home/connorwm/cpre381/Proj2/cpre3810-toolflow/proj/src/TopLevel/RISCV_Processor.vhd Line: 30
    Warning (15610): No output dependent on input pin "iInstAddr[19]" File: /home/connorwm/cpre381/Proj2/cpre3810-toolflow/proj/src/TopLevel/RISCV_Processor.vhd Line: 30
    Warning (15610): No output dependent on input pin "iInstAddr[20]" File: /home/connorwm/cpre381/Proj2/cpre3810-toolflow/proj/src/TopLevel/RISCV_Processor.vhd Line: 30
    Warning (15610): No output dependent on input pin "iInstAddr[21]" File: /home/connorwm/cpre381/Proj2/cpre3810-toolflow/proj/src/TopLevel/RISCV_Processor.vhd Line: 30
    Warning (15610): No output dependent on input pin "iInstAddr[22]" File: /home/connorwm/cpre381/Proj2/cpre3810-toolflow/proj/src/TopLevel/RISCV_Processor.vhd Line: 30
    Warning (15610): No output dependent on input pin "iInstAddr[23]" File: /home/connorwm/cpre381/Proj2/cpre3810-toolflow/proj/src/TopLevel/RISCV_Processor.vhd Line: 30
    Warning (15610): No output dependent on input pin "iInstAddr[24]" File: /home/connorwm/cpre381/Proj2/cpre3810-toolflow/proj/src/TopLevel/RISCV_Processor.vhd Line: 30
    Warning (15610): No output dependent on input pin "iInstAddr[25]" File: /home/connorwm/cpre381/Proj2/cpre3810-toolflow/proj/src/TopLevel/RISCV_Processor.vhd Line: 30
    Warning (15610): No output dependent on input pin "iInstAddr[26]" File: /home/connorwm/cpre381/Proj2/cpre3810-toolflow/proj/src/TopLevel/RISCV_Processor.vhd Line: 30
    Warning (15610): No output dependent on input pin "iInstAddr[27]" File: /home/connorwm/cpre381/Proj2/cpre3810-toolflow/proj/src/TopLevel/RISCV_Processor.vhd Line: 30
    Warning (15610): No output dependent on input pin "iInstAddr[28]" File: /home/connorwm/cpre381/Proj2/cpre3810-toolflow/proj/src/TopLevel/RISCV_Processor.vhd Line: 30
    Warning (15610): No output dependent on input pin "iInstAddr[29]" File: /home/connorwm/cpre381/Proj2/cpre3810-toolflow/proj/src/TopLevel/RISCV_Processor.vhd Line: 30
    Warning (15610): No output dependent on input pin "iInstAddr[30]" File: /home/connorwm/cpre381/Proj2/cpre3810-toolflow/proj/src/TopLevel/RISCV_Processor.vhd Line: 30
    Warning (15610): No output dependent on input pin "iInstAddr[31]" File: /home/connorwm/cpre381/Proj2/cpre3810-toolflow/proj/src/TopLevel/RISCV_Processor.vhd Line: 30
Info (21057): Implemented 59828 device resources after synthesis - the final resource count might be different
    Info (21058): Implemented 67 input pins
    Info (21059): Implemented 32 output pins
    Info (21061): Implemented 59697 logic cells
    Info (21064): Implemented 32 RAM segments
Info: Quartus Prime Analysis & Synthesis was successful. 0 errors, 38 warnings
    Info: Peak virtual memory: 911 megabytes
    Info: Processing ended: Thu Nov 20 19:37:44 2025
    Info: Elapsed time: 00:01:25
    Info: Total CPU time (on all processors): 00:01:24
Info: *******************************************************************
Info: Running Quartus Prime Fitter
    Info: Version 20.1.1 Build 720 11/11/2020 SJ Standard Edition
    Info: Copyright (C) 2020  Intel Corporation. All rights reserved.
    Info: Your use of Intel Corporation's design tools, logic functions 
    Info: and other software and tools, and any partner logic 
    Info: functions, and any output files from any of the foregoing 
    Info: (including device programming or simulation files), and any 
    Info: associated documentation or information are expressly subject 
    Info: to the terms and conditions of the Intel Program License 
    Info: Subscription Agreement, the Intel Quartus Prime License Agreement,
    Info: the Intel FPGA IP License Agreement, or other applicable license
    Info: agreement, including, without limitation, that your use is for
    Info: the sole purpose of programming logic devices manufactured by
    Info: Intel and sold by Intel or its authorized distributors.  Please
    Info: refer to the applicable agreement for further details, at
    Info: https://fpgasoftware.intel.com/eula.
    Info: Processing started: Thu Nov 20 19:37:45 2025
Info: Command: quartus_fit --read_settings_files=on --write_settings_files=off toolflow -c toolflow
Info: qfit2_default_script.tcl version: #1
Info: Project  = toolflow
Info: Revision = toolflow
Warning (18236): Number of processors has not been specified which may cause overloading on shared machines.  Set the global assignment NUM_PARALLEL_PROCESSORS in your QSF to an appropriate value for best performance.
Info (20030): Parallel compilation is enabled and will use 4 of the 4 processors detected
Info (119006): Selected device EP4CE115F29C7 for design "toolflow"
Info (21076): High junction temperature operating condition is not set. Assuming a default value of '85'.
Info (21076): Low junction temperature operating condition is not set. Assuming a default value of '0'.
Info (171003): Fitter is performing an Auto Fit compilation, which may decrease Fitter effort to reduce compilation time
Info (176444): Device migration not selected. If you intend to use device migration later, you may need to change the pin assignments as they may be incompatible with other devices
    Info (176445): Device EP4CE40F29C7 is compatible
    Info (176445): Device EP4CE40F29I7 is compatible
    Info (176445): Device EP4CE30F29C7 is compatible
    Info (176445): Device EP4CE30F29I7 is compatible
    Info (176445): Device EP4CE55F29C7 is compatible
    Info (176445): Device EP4CE55F29I7 is compatible
    Info (176445): Device EP4CE75F29C7 is compatible
    Info (176445): Device EP4CE75F29I7 is compatible
    Info (176445): Device EP4CE115F29I7 is compatible
Info (169124): Fitter converted 5 user pins into dedicated programming pins
    Info (169125): Pin ~ALTERA_ASDO_DATA1~ is reserved at location F4
    Info (169125): Pin ~ALTERA_FLASH_nCE_nCSO~ is reserved at location E2
    Info (169125): Pin ~ALTERA_DCLK~ is reserved at location P3
    Info (169125): Pin ~ALTERA_DATA0~ is reserved at location N7
    Info (169125): Pin ~ALTERA_nCEO~ is reserved at location P28
Warning (15714): Some pins have incomplete I/O assignments. Refer to the I/O Assignment Warnings report for details
Info (176045): Design uses memory blocks. Violating setup or hold times of memory block address registers for either read or write operations could cause memory contents to be corrupted. Make sure that all memory block address registers meet the setup and hold time requirements.
Critical Warning (169085): No exact pin location assignment(s) for 99 pins of 99 total pins. For the list of pins please refer to the I/O Assignment Warnings table in the fitter report.
Info (332104): Reading SDC File: 'toolflow.sdc'
Info (332129): Detected timing requirements -- optimizing circuit to achieve only the specified requirements
Info (332111): Found 1 clocks
    Info (332111):   Period   Clock Name
    Info (332111): ======== ============
    Info (332111):   20.000         iCLK
Info (176353): Automatically promoted node iCLK~input (placed in PIN J1 (CLK1, DIFFCLK_0n)) File: /home/connorwm/cpre381/Proj2/cpre3810-toolflow/proj/src/TopLevel/RISCV_Processor.vhd Line: 27
    Info (176355): Automatically promoted destinations to use location or clock signal Global Clock CLKCTRL_G2
Info (176353): Automatically promoted node iRST~input (placed in PIN Y2 (CLK2, DIFFCLK_1p)) File: /home/connorwm/cpre381/Proj2/cpre3810-toolflow/proj/src/TopLevel/RISCV_Processor.vhd Line: 28
    Info (176355): Automatically promoted destinations to use location or clock signal Global Clock CLKCTRL_G4
Info (176233): Starting register packing
Info (176235): Finished register packing
    Extra Info (176219): No registers were packed into other blocks
Info (176214): Statistics of I/O pins that need to be placed that use the same VCCIO and VREF, before I/O pin placement
    Info (176211): Number of I/O pins in group: 97 (unused VREF, 2.5V VCCIO, 65 input, 32 output, 0 bidirectional)
        Info (176212): I/O standards used: 2.5 V.
Info (176215): I/O bank details before I/O pin placement
    Info (176214): Statistics of I/O banks
        Info (176213): I/O bank number 1 does not use VREF pins and has undetermined VCCIO pins. 5 total pin(s) used --  51 pins available
        Info (176213): I/O bank number 2 does not use VREF pins and has undetermined VCCIO pins. 1 total pin(s) used --  62 pins available
        Info (176213): I/O bank number 3 does not use VREF pins and has undetermined VCCIO pins. 0 total pin(s) used --  73 pins available
        Info (176213): I/O bank number 4 does not use VREF pins and has undetermined VCCIO pins. 0 total pin(s) used --  71 pins available
        Info (176213): I/O bank number 5 does not use VREF pins and has undetermined VCCIO pins. 0 total pin(s) used --  65 pins available
        Info (176213): I/O bank number 6 does not use VREF pins and has undetermined VCCIO pins. 1 total pin(s) used --  57 pins available
        Info (176213): I/O bank number 7 does not use VREF pins and has undetermined VCCIO pins. 0 total pin(s) used --  72 pins available
        Info (176213): I/O bank number 8 does not use VREF pins and has undetermined VCCIO pins. 0 total pin(s) used --  71 pins available
Info (171121): Fitter preparation operations ending: elapsed time is 00:00:33
Info (14896): Fitter has disabled Advanced Physical Optimization because it is not supported for the current family.
Info (170189): Fitter placement preparation operations beginning
Info (170190): Fitter placement preparation operations ending: elapsed time is 00:00:13
Info (170191): Fitter placement operations beginning
Info (170137): Fitter placement was successful
Info (170192): Fitter placement operations ending: elapsed time is 00:01:53
Info (170193): Fitter routing operations beginning
Info (170195): Router estimated average interconnect usage is 14% of the available device resources
    Info (170196): Router estimated peak interconnect usage is 31% of the available device resources in the region that extends from location X58_Y12 to location X68_Y23
Info (170199): The Fitter performed an Auto Fit compilation.  Optimizations were skipped to reduce compilation time.
    Info (170201): Optimizations that may affect the design's routability were skipped
    Info (170200): Optimizations that may affect the design's timing were skipped
Info (170194): Fitter routing operations ending: elapsed time is 00:01:19
Info (11888): Total time spent on timing analysis during the Fitter is 26.87 seconds.
Info (334003): Started post-fitting delay annotation
Info (334004): Delay annotation completed successfully
Info (334003): Started post-fitting delay annotation
Info (334004): Delay annotation completed successfully
Info (11218): Fitter post-fit operations ending: elapsed time is 00:00:13
Info (144001): Generated suppressed messages file /home/connorwm/cpre381/Proj2/cpre3810-toolflow/internal/QuartusWork/output_files/toolflow.fit.smsg
Info: Quartus Prime Fitter was successful. 0 errors, 3 warnings
    Info: Peak virtual memory: 1950 megabytes
    Info: Processing ended: Thu Nov 20 19:42:29 2025
    Info: Elapsed time: 00:04:44
    Info: Total CPU time (on all processors): 00:08:51
Info: *******************************************************************
Info: Running Quartus Prime Assembler
    Info: Version 20.1.1 Build 720 11/11/2020 SJ Standard Edition
    Info: Copyright (C) 2020  Intel Corporation. All rights reserved.
    Info: Your use of Intel Corporation's design tools, logic functions 
    Info: and other software and tools, and any partner logic 
    Info: functions, and any output files from any of the foregoing 
    Info: (including device programming or simulation files), and any 
    Info: associated documentation or information are expressly subject 
    Info: to the terms and conditions of the Intel Program License 
    Info: Subscription Agreement, the Intel Quartus Prime License Agreement,
    Info: the Intel FPGA IP License Agreement, or other applicable license
    Info: agreement, including, without limitation, that your use is for
    Info: the sole purpose of programming logic devices manufactured by
    Info: Intel and sold by Intel or its authorized distributors.  Please
    Info: refer to the applicable agreement for further details, at
    Info: https://fpgasoftware.intel.com/eula.
    Info: Processing started: Thu Nov 20 19:42:32 2025
Info: Command: quartus_asm --read_settings_files=on --write_settings_files=off toolflow -c toolflow
Warning (18236): Number of processors has not been specified which may cause overloading on shared machines.  Set the global assignment NUM_PARALLEL_PROCESSORS in your QSF to an appropriate value for best performance.
Info (115031): Writing out detailed assembly data for power analysis
Info (115030): Assembler is generating device programming files
Info: Quartus Prime Assembler was successful. 0 errors, 1 warning
    Info: Peak virtual memory: 703 megabytes
    Info: Processing ended: Thu Nov 20 19:42:37 2025
    Info: Elapsed time: 00:00:05
    Info: Total CPU time (on all processors): 00:00:04
